{ code: 'function fact(n) {\n  if (n == 0) {\n    return 1;\n  }\n  else {\n    return n * fact(n-1);\n  }\n}\n\nfact(3);\nfact(3);',
  trace: 
   [ { stdout: '',
       func_name: '',
       stack_to_render: [],
       globals: { fact: [ 'REF', 1 ] },
       ordered_globals: [ 'fact' ],
       line: 10,
       col: 0,
       event: 'step_line',
       heap: 
        { '1': 
           [ 'JS_FUNCTION',
             'fact',
             'function fact(n) {\n  if (n == 0) {\n    return 1;\n  }\n  else {\n    return n * fact(n-1);\n  }\n}',
             null,
             null ] } },
     { stdout: '',
       func_name: 'fact',
       stack_to_render: 
        [ { func_name: 'fact',
            frame_id: 2,
            is_highlighted: true,
            is_parent: false,
            is_zombie: false,
            parent_frame_id_list: [],
            unique_hash: 'fact_f2',
            ordered_varnames: [ 'n' ],
            encoded_locals: { n: 3 } } ],
       globals: { fact: [ 'REF', 1 ] },
       ordered_globals: [ 'fact' ],
       line: 2,
       col: 2,
       event: 'call',
       heap: 
        { '1': 
           [ 'JS_FUNCTION',
             'fact',
             'function fact(n) {\n  if (n == 0) {\n    return 1;\n  }\n  else {\n    return n * fact(n-1);\n  }\n}',
             null,
             null ] } },
     { stdout: '',
       func_name: 'fact',
       stack_to_render: 
        [ { func_name: 'fact',
            frame_id: 2,
            is_highlighted: true,
            is_parent: false,
            is_zombie: false,
            parent_frame_id_list: [],
            unique_hash: 'fact_f2',
            ordered_varnames: [ 'n' ],
            encoded_locals: { n: 3 } } ],
       globals: { fact: [ 'REF', 1 ] },
       ordered_globals: [ 'fact' ],
       line: 6,
       col: 4,
       event: 'step_line',
       heap: 
        { '1': 
           [ 'JS_FUNCTION',
             'fact',
             'function fact(n) {\n  if (n == 0) {\n    return 1;\n  }\n  else {\n    return n * fact(n-1);\n  }\n}',
             null,
             null ] } },
     { stdout: '',
       func_name: 'fact',
       stack_to_render: 
        [ { func_name: 'fact',
            frame_id: 2,
            is_highlighted: false,
            is_parent: false,
            is_zombie: false,
            parent_frame_id_list: [],
            unique_hash: 'fact_f2',
            ordered_varnames: [ 'n' ],
            encoded_locals: { n: 3 } },
          { func_name: 'fact',
            frame_id: 3,
            is_highlighted: true,
            is_parent: false,
            is_zombie: false,
            parent_frame_id_list: [],
            unique_hash: 'fact_f3',
            ordered_varnames: [ 'n' ],
            encoded_locals: { n: 2 } } ],
       globals: { fact: [ 'REF', 1 ] },
       ordered_globals: [ 'fact' ],
       line: 2,
       col: 2,
       event: 'call',
       heap: 
        { '1': 
           [ 'JS_FUNCTION',
             'fact',
             'function fact(n) {\n  if (n == 0) {\n    return 1;\n  }\n  else {\n    return n * fact(n-1);\n  }\n}',
             null,
             null ] } },
     { stdout: '',
       func_name: 'fact',
       stack_to_render: 
        [ { func_name: 'fact',
            frame_id: 2,
            is_highlighted: false,
            is_parent: false,
            is_zombie: false,
            parent_frame_id_list: [],
            unique_hash: 'fact_f2',
            ordered_varnames: [ 'n' ],
            encoded_locals: { n: 3 } },
          { func_name: 'fact',
            frame_id: 3,
            is_highlighted: true,
            is_parent: false,
            is_zombie: false,
            parent_frame_id_list: [],
            unique_hash: 'fact_f3',
            ordered_varnames: [ 'n' ],
            encoded_locals: { n: 2 } } ],
       globals: { fact: [ 'REF', 1 ] },
       ordered_globals: [ 'fact' ],
       line: 6,
       col: 4,
       event: 'step_line',
       heap: 
        { '1': 
           [ 'JS_FUNCTION',
             'fact',
             'function fact(n) {\n  if (n == 0) {\n    return 1;\n  }\n  else {\n    return n * fact(n-1);\n  }\n}',
             null,
             null ] } },
     { stdout: '',
       func_name: 'fact',
       stack_to_render: 
        [ { func_name: 'fact',
            frame_id: 2,
            is_highlighted: false,
            is_parent: false,
            is_zombie: false,
            parent_frame_id_list: [],
            unique_hash: 'fact_f2',
            ordered_varnames: [ 'n' ],
            encoded_locals: { n: 3 } },
          { func_name: 'fact',
            frame_id: 3,
            is_highlighted: false,
            is_parent: false,
            is_zombie: false,
            parent_frame_id_list: [],
            unique_hash: 'fact_f3',
            ordered_varnames: [ 'n' ],
            encoded_locals: { n: 2 } },
          { func_name: 'fact',
            frame_id: 4,
            is_highlighted: true,
            is_parent: false,
            is_zombie: false,
            parent_frame_id_list: [],
            unique_hash: 'fact_f4',
            ordered_varnames: [ 'n' ],
            encoded_locals: { n: 1 } } ],
       globals: { fact: [ 'REF', 1 ] },
       ordered_globals: [ 'fact' ],
       line: 2,
       col: 2,
       event: 'call',
       heap: 
        { '1': 
           [ 'JS_FUNCTION',
             'fact',
             'function fact(n) {\n  if (n == 0) {\n    return 1;\n  }\n  else {\n    return n * fact(n-1);\n  }\n}',
             null,
             null ] } },
     { stdout: '',
       func_name: 'fact',
       stack_to_render: 
        [ { func_name: 'fact',
            frame_id: 2,
            is_highlighted: false,
            is_parent: false,
            is_zombie: false,
            parent_frame_id_list: [],
            unique_hash: 'fact_f2',
            ordered_varnames: [ 'n' ],
            encoded_locals: { n: 3 } },
          { func_name: 'fact',
            frame_id: 3,
            is_highlighted: false,
            is_parent: false,
            is_zombie: false,
            parent_frame_id_list: [],
            unique_hash: 'fact_f3',
            ordered_varnames: [ 'n' ],
            encoded_locals: { n: 2 } },
          { func_name: 'fact',
            frame_id: 4,
            is_highlighted: true,
            is_parent: false,
            is_zombie: false,
            parent_frame_id_list: [],
            unique_hash: 'fact_f4',
            ordered_varnames: [ 'n' ],
            encoded_locals: { n: 1 } } ],
       globals: { fact: [ 'REF', 1 ] },
       ordered_globals: [ 'fact' ],
       line: 6,
       col: 4,
       event: 'step_line',
       heap: 
        { '1': 
           [ 'JS_FUNCTION',
             'fact',
             'function fact(n) {\n  if (n == 0) {\n    return 1;\n  }\n  else {\n    return n * fact(n-1);\n  }\n}',
             null,
             null ] } },
     { stdout: '',
       func_name: 'fact',
       stack_to_render: 
        [ { func_name: 'fact',
            frame_id: 2,
            is_highlighted: false,
            is_parent: false,
            is_zombie: false,
            parent_frame_id_list: [],
            unique_hash: 'fact_f2',
            ordered_varnames: [ 'n' ],
            encoded_locals: { n: 3 } },
          { func_name: 'fact',
            frame_id: 3,
            is_highlighted: false,
            is_parent: false,
            is_zombie: false,
            parent_frame_id_list: [],
            unique_hash: 'fact_f3',
            ordered_varnames: [ 'n' ],
            encoded_locals: { n: 2 } },
          { func_name: 'fact',
            frame_id: 4,
            is_highlighted: false,
            is_parent: false,
            is_zombie: false,
            parent_frame_id_list: [],
            unique_hash: 'fact_f4',
            ordered_varnames: [ 'n' ],
            encoded_locals: { n: 1 } },
          { func_name: 'fact',
            frame_id: 5,
            is_highlighted: true,
            is_parent: false,
            is_zombie: false,
            parent_frame_id_list: [],
            unique_hash: 'fact_f5',
            ordered_varnames: [ 'n' ],
            encoded_locals: { n: 0 } } ],
       globals: { fact: [ 'REF', 1 ] },
       ordered_globals: [ 'fact' ],
       line: 2,
       col: 2,
       event: 'call',
       heap: 
        { '1': 
           [ 'JS_FUNCTION',
             'fact',
             'function fact(n) {\n  if (n == 0) {\n    return 1;\n  }\n  else {\n    return n * fact(n-1);\n  }\n}',
             null,
             null ] } },
     { stdout: '',
       func_name: 'fact',
       stack_to_render: 
        [ { func_name: 'fact',
            frame_id: 2,
            is_highlighted: false,
            is_parent: false,
            is_zombie: false,
            parent_frame_id_list: [],
            unique_hash: 'fact_f2',
            ordered_varnames: [ 'n' ],
            encoded_locals: { n: 3 } },
          { func_name: 'fact',
            frame_id: 3,
            is_highlighted: false,
            is_parent: false,
            is_zombie: false,
            parent_frame_id_list: [],
            unique_hash: 'fact_f3',
            ordered_varnames: [ 'n' ],
            encoded_locals: { n: 2 } },
          { func_name: 'fact',
            frame_id: 4,
            is_highlighted: false,
            is_parent: false,
            is_zombie: false,
            parent_frame_id_list: [],
            unique_hash: 'fact_f4',
            ordered_varnames: [ 'n' ],
            encoded_locals: { n: 1 } },
          { func_name: 'fact',
            frame_id: 5,
            is_highlighted: true,
            is_parent: false,
            is_zombie: false,
            parent_frame_id_list: [],
            unique_hash: 'fact_f5',
            ordered_varnames: [ 'n' ],
            encoded_locals: { n: 0 } } ],
       globals: { fact: [ 'REF', 1 ] },
       ordered_globals: [ 'fact' ],
       line: 3,
       col: 4,
       event: 'step_line',
       heap: 
        { '1': 
           [ 'JS_FUNCTION',
             'fact',
             'function fact(n) {\n  if (n == 0) {\n    return 1;\n  }\n  else {\n    return n * fact(n-1);\n  }\n}',
             null,
             null ] } },
     { stdout: '',
       func_name: 'fact',
       stack_to_render: 
        [ { func_name: 'fact',
            frame_id: 2,
            is_highlighted: false,
            is_parent: false,
            is_zombie: false,
            parent_frame_id_list: [],
            unique_hash: 'fact_f2',
            ordered_varnames: [ 'n' ],
            encoded_locals: { n: 3 } },
          { func_name: 'fact',
            frame_id: 3,
            is_highlighted: false,
            is_parent: false,
            is_zombie: false,
            parent_frame_id_list: [],
            unique_hash: 'fact_f3',
            ordered_varnames: [ 'n' ],
            encoded_locals: { n: 2 } },
          { func_name: 'fact',
            frame_id: 4,
            is_highlighted: false,
            is_parent: false,
            is_zombie: false,
            parent_frame_id_list: [],
            unique_hash: 'fact_f4',
            ordered_varnames: [ 'n' ],
            encoded_locals: { n: 1 } },
          { func_name: 'fact',
            frame_id: 5,
            is_highlighted: true,
            is_parent: false,
            is_zombie: false,
            parent_frame_id_list: [],
            unique_hash: 'fact_f5',
            ordered_varnames: [ 'n', '__return__' ],
            encoded_locals: { n: 0, __return__: 1 } } ],
       globals: { fact: [ 'REF', 1 ] },
       ordered_globals: [ 'fact' ],
       line: 3,
       col: 0,
       event: 'return',
       heap: 
        { '1': 
           [ 'JS_FUNCTION',
             'fact',
             'function fact(n) {\n  if (n == 0) {\n    return 1;\n  }\n  else {\n    return n * fact(n-1);\n  }\n}',
             null,
             null ] } },
     { stdout: '',
       func_name: 'fact',
       stack_to_render: 
        [ { func_name: 'fact',
            frame_id: 2,
            is_highlighted: false,
            is_parent: false,
            is_zombie: false,
            parent_frame_id_list: [],
            unique_hash: 'fact_f2',
            ordered_varnames: [ 'n' ],
            encoded_locals: { n: 3 } },
          { func_name: 'fact',
            frame_id: 3,
            is_highlighted: false,
            is_parent: false,
            is_zombie: false,
            parent_frame_id_list: [],
            unique_hash: 'fact_f3',
            ordered_varnames: [ 'n' ],
            encoded_locals: { n: 2 } },
          { func_name: 'fact',
            frame_id: 4,
            is_highlighted: true,
            is_parent: false,
            is_zombie: false,
            parent_frame_id_list: [],
            unique_hash: 'fact_f4',
            ordered_varnames: [ 'n', '__return__' ],
            encoded_locals: { n: 1, __return__: 1 } } ],
       globals: { fact: [ 'REF', 1 ] },
       ordered_globals: [ 'fact' ],
       line: 8,
       col: 0,
       event: 'return',
       heap: 
        { '1': 
           [ 'JS_FUNCTION',
             'fact',
             'function fact(n) {\n  if (n == 0) {\n    return 1;\n  }\n  else {\n    return n * fact(n-1);\n  }\n}',
             null,
             null ] } },
     { stdout: '',
       func_name: 'fact',
       stack_to_render: 
        [ { func_name: 'fact',
            frame_id: 2,
            is_highlighted: false,
            is_parent: false,
            is_zombie: false,
            parent_frame_id_list: [],
            unique_hash: 'fact_f2',
            ordered_varnames: [ 'n' ],
            encoded_locals: { n: 3 } },
          { func_name: 'fact',
            frame_id: 3,
            is_highlighted: true,
            is_parent: false,
            is_zombie: false,
            parent_frame_id_list: [],
            unique_hash: 'fact_f3',
            ordered_varnames: [ 'n', '__return__' ],
            encoded_locals: { n: 2, __return__: 2 } } ],
       globals: { fact: [ 'REF', 1 ] },
       ordered_globals: [ 'fact' ],
       line: 8,
       col: 0,
       event: 'return',
       heap: 
        { '1': 
           [ 'JS_FUNCTION',
             'fact',
             'function fact(n) {\n  if (n == 0) {\n    return 1;\n  }\n  else {\n    return n * fact(n-1);\n  }\n}',
             null,
             null ] } },
     { stdout: '',
       func_name: 'fact',
       stack_to_render: 
        [ { func_name: 'fact',
            frame_id: 2,
            is_highlighted: true,
            is_parent: false,
            is_zombie: false,
            parent_frame_id_list: [],
            unique_hash: 'fact_f2',
            ordered_varnames: [ 'n', '__return__' ],
            encoded_locals: { n: 3, __return__: 6 } } ],
       globals: { fact: [ 'REF', 1 ] },
       ordered_globals: [ 'fact' ],
       line: 8,
       col: 0,
       event: 'return',
       heap: 
        { '1': 
           [ 'JS_FUNCTION',
             'fact',
             'function fact(n) {\n  if (n == 0) {\n    return 1;\n  }\n  else {\n    return n * fact(n-1);\n  }\n}',
             null,
             null ] } },
     { stdout: '',
       func_name: '',
       stack_to_render: [],
       globals: { fact: [ 'REF', 1 ] },
       ordered_globals: [ 'fact' ],
       line: 11,
       col: 0,
       event: 'step_line',
       heap: 
        { '1': 
           [ 'JS_FUNCTION',
             'fact',
             'function fact(n) {\n  if (n == 0) {\n    return 1;\n  }\n  else {\n    return n * fact(n-1);\n  }\n}',
             null,
             null ] } },
     { stdout: '',
       func_name: 'fact',
       stack_to_render: 
        [ { func_name: 'fact',
            frame_id: 6,
            is_highlighted: true,
            is_parent: false,
            is_zombie: false,
            parent_frame_id_list: [],
            unique_hash: 'fact_f6',
            ordered_varnames: [ 'n' ],
            encoded_locals: { n: 3 } } ],
       globals: { fact: [ 'REF', 1 ] },
       ordered_globals: [ 'fact' ],
       line: 2,
       col: 2,
       event: 'call',
       heap: 
        { '1': 
           [ 'JS_FUNCTION',
             'fact',
             'function fact(n) {\n  if (n == 0) {\n    return 1;\n  }\n  else {\n    return n * fact(n-1);\n  }\n}',
             null,
             null ] } },
     { stdout: '',
       func_name: 'fact',
       stack_to_render: 
        [ { func_name: 'fact',
            frame_id: 6,
            is_highlighted: true,
            is_parent: false,
            is_zombie: false,
            parent_frame_id_list: [],
            unique_hash: 'fact_f6',
            ordered_varnames: [ 'n' ],
            encoded_locals: { n: 3 } } ],
       globals: { fact: [ 'REF', 1 ] },
       ordered_globals: [ 'fact' ],
       line: 6,
       col: 4,
       event: 'step_line',
       heap: 
        { '1': 
           [ 'JS_FUNCTION',
             'fact',
             'function fact(n) {\n  if (n == 0) {\n    return 1;\n  }\n  else {\n    return n * fact(n-1);\n  }\n}',
             null,
             null ] } },
     { stdout: '',
       func_name: 'fact',
       stack_to_render: 
        [ { func_name: 'fact',
            frame_id: 6,
            is_highlighted: false,
            is_parent: false,
            is_zombie: false,
            parent_frame_id_list: [],
            unique_hash: 'fact_f6',
            ordered_varnames: [ 'n' ],
            encoded_locals: { n: 3 } },
          { func_name: 'fact',
            frame_id: 7,
            is_highlighted: true,
            is_parent: false,
            is_zombie: false,
            parent_frame_id_list: [],
            unique_hash: 'fact_f7',
            ordered_varnames: [ 'n' ],
            encoded_locals: { n: 2 } } ],
       globals: { fact: [ 'REF', 1 ] },
       ordered_globals: [ 'fact' ],
       line: 2,
       col: 2,
       event: 'call',
       heap: 
        { '1': 
           [ 'JS_FUNCTION',
             'fact',
             'function fact(n) {\n  if (n == 0) {\n    return 1;\n  }\n  else {\n    return n * fact(n-1);\n  }\n}',
             null,
             null ] } },
     { stdout: '',
       func_name: 'fact',
       stack_to_render: 
        [ { func_name: 'fact',
            frame_id: 6,
            is_highlighted: false,
            is_parent: false,
            is_zombie: false,
            parent_frame_id_list: [],
            unique_hash: 'fact_f6',
            ordered_varnames: [ 'n' ],
            encoded_locals: { n: 3 } },
          { func_name: 'fact',
            frame_id: 7,
            is_highlighted: true,
            is_parent: false,
            is_zombie: false,
            parent_frame_id_list: [],
            unique_hash: 'fact_f7',
            ordered_varnames: [ 'n' ],
            encoded_locals: { n: 2 } } ],
       globals: { fact: [ 'REF', 1 ] },
       ordered_globals: [ 'fact' ],
       line: 6,
       col: 4,
       event: 'step_line',
       heap: 
        { '1': 
           [ 'JS_FUNCTION',
             'fact',
             'function fact(n) {\n  if (n == 0) {\n    return 1;\n  }\n  else {\n    return n * fact(n-1);\n  }\n}',
             null,
             null ] } },
     { stdout: '',
       func_name: 'fact',
       stack_to_render: 
        [ { func_name: 'fact',
            frame_id: 6,
            is_highlighted: false,
            is_parent: false,
            is_zombie: false,
            parent_frame_id_list: [],
            unique_hash: 'fact_f6',
            ordered_varnames: [ 'n' ],
            encoded_locals: { n: 3 } },
          { func_name: 'fact',
            frame_id: 7,
            is_highlighted: false,
            is_parent: false,
            is_zombie: false,
            parent_frame_id_list: [],
            unique_hash: 'fact_f7',
            ordered_varnames: [ 'n' ],
            encoded_locals: { n: 2 } },
          { func_name: 'fact',
            frame_id: 8,
            is_highlighted: true,
            is_parent: false,
            is_zombie: false,
            parent_frame_id_list: [],
            unique_hash: 'fact_f8',
            ordered_varnames: [ 'n' ],
            encoded_locals: { n: 1 } } ],
       globals: { fact: [ 'REF', 1 ] },
       ordered_globals: [ 'fact' ],
       line: 2,
       col: 2,
       event: 'call',
       heap: 
        { '1': 
           [ 'JS_FUNCTION',
             'fact',
             'function fact(n) {\n  if (n == 0) {\n    return 1;\n  }\n  else {\n    return n * fact(n-1);\n  }\n}',
             null,
             null ] } },
     { stdout: '',
       func_name: 'fact',
       stack_to_render: 
        [ { func_name: 'fact',
            frame_id: 6,
            is_highlighted: false,
            is_parent: false,
            is_zombie: false,
            parent_frame_id_list: [],
            unique_hash: 'fact_f6',
            ordered_varnames: [ 'n' ],
            encoded_locals: { n: 3 } },
          { func_name: 'fact',
            frame_id: 7,
            is_highlighted: false,
            is_parent: false,
            is_zombie: false,
            parent_frame_id_list: [],
            unique_hash: 'fact_f7',
            ordered_varnames: [ 'n' ],
            encoded_locals: { n: 2 } },
          { func_name: 'fact',
            frame_id: 8,
            is_highlighted: true,
            is_parent: false,
            is_zombie: false,
            parent_frame_id_list: [],
            unique_hash: 'fact_f8',
            ordered_varnames: [ 'n' ],
            encoded_locals: { n: 1 } } ],
       globals: { fact: [ 'REF', 1 ] },
       ordered_globals: [ 'fact' ],
       line: 6,
       col: 4,
       event: 'step_line',
       heap: 
        { '1': 
           [ 'JS_FUNCTION',
             'fact',
             'function fact(n) {\n  if (n == 0) {\n    return 1;\n  }\n  else {\n    return n * fact(n-1);\n  }\n}',
             null,
             null ] } },
     { stdout: '',
       func_name: 'fact',
       stack_to_render: 
        [ { func_name: 'fact',
            frame_id: 6,
            is_highlighted: false,
            is_parent: false,
            is_zombie: false,
            parent_frame_id_list: [],
            unique_hash: 'fact_f6',
            ordered_varnames: [ 'n' ],
            encoded_locals: { n: 3 } },
          { func_name: 'fact',
            frame_id: 7,
            is_highlighted: false,
            is_parent: false,
            is_zombie: false,
            parent_frame_id_list: [],
            unique_hash: 'fact_f7',
            ordered_varnames: [ 'n' ],
            encoded_locals: { n: 2 } },
          { func_name: 'fact',
            frame_id: 8,
            is_highlighted: false,
            is_parent: false,
            is_zombie: false,
            parent_frame_id_list: [],
            unique_hash: 'fact_f8',
            ordered_varnames: [ 'n' ],
            encoded_locals: { n: 1 } },
          { func_name: 'fact',
            frame_id: 9,
            is_highlighted: true,
            is_parent: false,
            is_zombie: false,
            parent_frame_id_list: [],
            unique_hash: 'fact_f9',
            ordered_varnames: [ 'n' ],
            encoded_locals: { n: 0 } } ],
       globals: { fact: [ 'REF', 1 ] },
       ordered_globals: [ 'fact' ],
       line: 2,
       col: 2,
       event: 'call',
       heap: 
        { '1': 
           [ 'JS_FUNCTION',
             'fact',
             'function fact(n) {\n  if (n == 0) {\n    return 1;\n  }\n  else {\n    return n * fact(n-1);\n  }\n}',
             null,
             null ] } },
     { stdout: '',
       func_name: 'fact',
       stack_to_render: 
        [ { func_name: 'fact',
            frame_id: 6,
            is_highlighted: false,
            is_parent: false,
            is_zombie: false,
            parent_frame_id_list: [],
            unique_hash: 'fact_f6',
            ordered_varnames: [ 'n' ],
            encoded_locals: { n: 3 } },
          { func_name: 'fact',
            frame_id: 7,
            is_highlighted: false,
            is_parent: false,
            is_zombie: false,
            parent_frame_id_list: [],
            unique_hash: 'fact_f7',
            ordered_varnames: [ 'n' ],
            encoded_locals: { n: 2 } },
          { func_name: 'fact',
            frame_id: 8,
            is_highlighted: false,
            is_parent: false,
            is_zombie: false,
            parent_frame_id_list: [],
            unique_hash: 'fact_f8',
            ordered_varnames: [ 'n' ],
            encoded_locals: { n: 1 } },
          { func_name: 'fact',
            frame_id: 9,
            is_highlighted: true,
            is_parent: false,
            is_zombie: false,
            parent_frame_id_list: [],
            unique_hash: 'fact_f9',
            ordered_varnames: [ 'n' ],
            encoded_locals: { n: 0 } } ],
       globals: { fact: [ 'REF', 1 ] },
       ordered_globals: [ 'fact' ],
       line: 3,
       col: 4,
       event: 'step_line',
       heap: 
        { '1': 
           [ 'JS_FUNCTION',
             'fact',
             'function fact(n) {\n  if (n == 0) {\n    return 1;\n  }\n  else {\n    return n * fact(n-1);\n  }\n}',
             null,
             null ] } },
     { stdout: '',
       func_name: 'fact',
       stack_to_render: 
        [ { func_name: 'fact',
            frame_id: 6,
            is_highlighted: false,
            is_parent: false,
            is_zombie: false,
            parent_frame_id_list: [],
            unique_hash: 'fact_f6',
            ordered_varnames: [ 'n' ],
            encoded_locals: { n: 3 } },
          { func_name: 'fact',
            frame_id: 7,
            is_highlighted: false,
            is_parent: false,
            is_zombie: false,
            parent_frame_id_list: [],
            unique_hash: 'fact_f7',
            ordered_varnames: [ 'n' ],
            encoded_locals: { n: 2 } },
          { func_name: 'fact',
            frame_id: 8,
            is_highlighted: false,
            is_parent: false,
            is_zombie: false,
            parent_frame_id_list: [],
            unique_hash: 'fact_f8',
            ordered_varnames: [ 'n' ],
            encoded_locals: { n: 1 } },
          { func_name: 'fact',
            frame_id: 9,
            is_highlighted: true,
            is_parent: false,
            is_zombie: false,
            parent_frame_id_list: [],
            unique_hash: 'fact_f9',
            ordered_varnames: [ 'n', '__return__' ],
            encoded_locals: { n: 0, __return__: 1 } } ],
       globals: { fact: [ 'REF', 1 ] },
       ordered_globals: [ 'fact' ],
       line: 3,
       col: 0,
       event: 'return',
       heap: 
        { '1': 
           [ 'JS_FUNCTION',
             'fact',
             'function fact(n) {\n  if (n == 0) {\n    return 1;\n  }\n  else {\n    return n * fact(n-1);\n  }\n}',
             null,
             null ] } },
     { stdout: '',
       func_name: 'fact',
       stack_to_render: 
        [ { func_name: 'fact',
            frame_id: 6,
            is_highlighted: false,
            is_parent: false,
            is_zombie: false,
            parent_frame_id_list: [],
            unique_hash: 'fact_f6',
            ordered_varnames: [ 'n' ],
            encoded_locals: { n: 3 } },
          { func_name: 'fact',
            frame_id: 7,
            is_highlighted: false,
            is_parent: false,
            is_zombie: false,
            parent_frame_id_list: [],
            unique_hash: 'fact_f7',
            ordered_varnames: [ 'n' ],
            encoded_locals: { n: 2 } },
          { func_name: 'fact',
            frame_id: 8,
            is_highlighted: true,
            is_parent: false,
            is_zombie: false,
            parent_frame_id_list: [],
            unique_hash: 'fact_f8',
            ordered_varnames: [ 'n', '__return__' ],
            encoded_locals: { n: 1, __return__: 1 } } ],
       globals: { fact: [ 'REF', 1 ] },
       ordered_globals: [ 'fact' ],
       line: 8,
       col: 0,
       event: 'return',
       heap: 
        { '1': 
           [ 'JS_FUNCTION',
             'fact',
             'function fact(n) {\n  if (n == 0) {\n    return 1;\n  }\n  else {\n    return n * fact(n-1);\n  }\n}',
             null,
             null ] } },
     { stdout: '',
       func_name: 'fact',
       stack_to_render: 
        [ { func_name: 'fact',
            frame_id: 6,
            is_highlighted: false,
            is_parent: false,
            is_zombie: false,
            parent_frame_id_list: [],
            unique_hash: 'fact_f6',
            ordered_varnames: [ 'n' ],
            encoded_locals: { n: 3 } },
          { func_name: 'fact',
            frame_id: 7,
            is_highlighted: true,
            is_parent: false,
            is_zombie: false,
            parent_frame_id_list: [],
            unique_hash: 'fact_f7',
            ordered_varnames: [ 'n', '__return__' ],
            encoded_locals: { n: 2, __return__: 2 } } ],
       globals: { fact: [ 'REF', 1 ] },
       ordered_globals: [ 'fact' ],
       line: 8,
       col: 0,
       event: 'return',
       heap: 
        { '1': 
           [ 'JS_FUNCTION',
             'fact',
             'function fact(n) {\n  if (n == 0) {\n    return 1;\n  }\n  else {\n    return n * fact(n-1);\n  }\n}',
             null,
             null ] } },
     { stdout: '',
       func_name: 'fact',
       stack_to_render: 
        [ { func_name: 'fact',
            frame_id: 6,
            is_highlighted: true,
            is_parent: false,
            is_zombie: false,
            parent_frame_id_list: [],
            unique_hash: 'fact_f6',
            ordered_varnames: [ 'n', '__return__' ],
            encoded_locals: { n: 3, __return__: 6 } } ],
       globals: { fact: [ 'REF', 1 ] },
       ordered_globals: [ 'fact' ],
       line: 8,
       col: 0,
       event: 'return',
       heap: 
        { '1': 
           [ 'JS_FUNCTION',
             'fact',
             'function fact(n) {\n  if (n == 0) {\n    return 1;\n  }\n  else {\n    return n * fact(n-1);\n  }\n}',
             null,
             null ] } },
     { stdout: '',
       func_name: '',
       stack_to_render: [],
       globals: { fact: [ 'REF', 1 ] },
       ordered_globals: [ 'fact' ],
       line: 11,
       col: 8,
       event: 'step_line',
       heap: 
        { '1': 
           [ 'JS_FUNCTION',
             'fact',
             'function fact(n) {\n  if (n == 0) {\n    return 1;\n  }\n  else {\n    return n * fact(n-1);\n  }\n}',
             null,
             null ] } } ] }
