{"code": "int mian() {\n}", "trace": [{"exception_msg": "undefined reference to `main'", "line": null, "event": "uncaught_exception"}]}
