{
  "code": "// From: http://www.cprogramming.com/tutorial/lesson12.html\n\n#include <iostream>\n\nusing namespace std;\n\nclass Computer // Standard way of defining the class\n{\npublic:\n  // This means that all of the functions below this(and any variables)\n  //  are accessible to the rest of the program.\n  //  NOTE: That is a colon, NOT a semicolon...\n  Computer();\n  // Constructor\n  ~Computer();\n  // Destructor\n  void setspeed ( int p );\n  int readspeed();\nprotected:\n  // This means that all the variables under this, until a new type of\n  //  restriction is placed, will only be accessible to other functions in the\n  //  class.  NOTE: That is a colon, NOT a semicolon...\n  int processorspeed;\n};\n// Do Not forget the trailing semi-colon\n\nComputer::Computer()\n{\n  //Constructors can accept arguments, but this one does not\n  processorspeed = 0;\n}\n\nComputer::~Computer()\n{\n  //Destructors do not accept arguments\n}\n\nvoid Computer::setspeed ( int p )\n{\n  // To define a function outside put the name of the class\n  //  after the return type and then two colons, and then the name\n  //  of the function.\n  processorspeed = p;\n}\nint Computer::readspeed()  \n{\n  // The two colons simply tell the compiler that the function is part\n  //  of the class\n  return processorspeed;\n}\n\nint main()\n{\n  Computer compute;  \n  // To create an 'instance' of the class, simply treat it like you would\n  //  a structure.  (An instance is simply when you create an actual object\n  //  from the class, as opposed to having the definition of the class)\n  compute.setspeed ( 100 ); \n  // To call functions in the class, you put the name of the instance,\n  //  a period, and then the function name.\n  cout<< compute.readspeed();\n  // See above note.\n}", 
  "trace": [
    {
      "event": "step_line", 
      "func_name": "main", 
      "globals": {}, 
      "heap": {}, 
      "line": 53, 
      "ordered_globals": [], 
      "stack_to_render": [
        {
          "encoded_locals": {}, 
          "frame_id": "0xFFF000110", 
          "func_name": "main", 
          "is_highlighted": true, 
          "is_parent": false, 
          "is_zombie": false, 
          "line": 53, 
          "ordered_varnames": [], 
          "parent_frame_id_list": [], 
          "unique_hash": "main_0xFFF000110"
        }
      ], 
      "stdout": ""
    }, 
    {
      "event": "step_line", 
      "func_name": "main", 
      "globals": {}, 
      "heap": {}, 
      "line": 54, 
      "ordered_globals": [], 
      "stack_to_render": [
        {
          "encoded_locals": {}, 
          "frame_id": "0xFFF000110", 
          "func_name": "main", 
          "is_highlighted": true, 
          "is_parent": false, 
          "is_zombie": false, 
          "line": 53, 
          "ordered_varnames": [], 
          "parent_frame_id_list": [], 
          "unique_hash": "main_0xFFF000110"
        }
      ], 
      "stdout": ""
    }, 
    {
      "event": "call", 
      "func_name": "Computer::Computer()", 
      "globals": {}, 
      "heap": {}, 
      "line": 27, 
      "ordered_globals": [], 
      "stack_to_render": [
        {
          "encoded_locals": {
            "compute": [
              "C_STRUCT", 
              "0xFFF0000F0", 
              "Computer", 
              [
                "processorspeed", 
                [
                  "C_DATA", 
                  "0xFFF0000F0", 
                  "int", 
                  "<UNINITIALIZED>"
                ]
              ]
            ]
          }, 
          "frame_id": "0xFFF000110", 
          "func_name": "main", 
          "is_highlighted": false, 
          "is_parent": false, 
          "is_zombie": false, 
          "line": 54, 
          "ordered_varnames": [
            "compute"
          ], 
          "parent_frame_id_list": [], 
          "unique_hash": "main_0xFFF000110"
        }, 
        {
          "encoded_locals": {}, 
          "frame_id": "0xFFF0000E0", 
          "func_name": "Computer::Computer()", 
          "is_highlighted": true, 
          "is_parent": false, 
          "is_zombie": false, 
          "line": 27, 
          "ordered_varnames": [], 
          "parent_frame_id_list": [], 
          "unique_hash": "Computer::Computer()_0xFFF0000E0"
        }
      ], 
      "stdout": ""
    }, 
    {
      "event": "step_line", 
      "func_name": "Computer::Computer()", 
      "globals": {}, 
      "heap": {}, 
      "line": 30, 
      "ordered_globals": [], 
      "stack_to_render": [
        {
          "encoded_locals": {
            "compute": [
              "C_STRUCT", 
              "0xFFF0000F0", 
              "Computer", 
              [
                "processorspeed", 
                [
                  "C_DATA", 
                  "0xFFF0000F0", 
                  "int", 
                  "<UNINITIALIZED>"
                ]
              ]
            ]
          }, 
          "frame_id": "0xFFF000110", 
          "func_name": "main", 
          "is_highlighted": false, 
          "is_parent": false, 
          "is_zombie": false, 
          "line": 54, 
          "ordered_varnames": [
            "compute"
          ], 
          "parent_frame_id_list": [], 
          "unique_hash": "main_0xFFF000110"
        }, 
        {
          "encoded_locals": {}, 
          "frame_id": "0xFFF0000E0", 
          "func_name": "Computer::Computer()", 
          "is_highlighted": true, 
          "is_parent": false, 
          "is_zombie": false, 
          "line": 30, 
          "ordered_varnames": [], 
          "parent_frame_id_list": [], 
          "unique_hash": "Computer::Computer()_0xFFF0000E0"
        }
      ], 
      "stdout": ""
    }, 
    {
      "event": "return", 
      "func_name": "Computer::Computer()", 
      "globals": {}, 
      "heap": {}, 
      "line": 31, 
      "ordered_globals": [], 
      "stack_to_render": [
        {
          "encoded_locals": {
            "compute": [
              "C_STRUCT", 
              "0xFFF0000F0", 
              "Computer", 
              [
                "processorspeed", 
                [
                  "C_DATA", 
                  "0xFFF0000F0", 
                  "int", 
                  0
                ]
              ]
            ]
          }, 
          "frame_id": "0xFFF000110", 
          "func_name": "main", 
          "is_highlighted": false, 
          "is_parent": false, 
          "is_zombie": false, 
          "line": 54, 
          "ordered_varnames": [
            "compute"
          ], 
          "parent_frame_id_list": [], 
          "unique_hash": "main_0xFFF000110"
        }, 
        {
          "encoded_locals": {}, 
          "frame_id": "0xFFF0000E0", 
          "func_name": "Computer::Computer()", 
          "is_highlighted": true, 
          "is_parent": false, 
          "is_zombie": false, 
          "line": 31, 
          "ordered_varnames": [], 
          "parent_frame_id_list": [], 
          "unique_hash": "Computer::Computer()_0xFFF0000E0"
        }
      ], 
      "stdout": ""
    }, 
    {
      "event": "step_line", 
      "func_name": "main", 
      "globals": {}, 
      "heap": {}, 
      "line": 58, 
      "ordered_globals": [], 
      "stack_to_render": [
        {
          "encoded_locals": {
            "compute": [
              "C_STRUCT", 
              "0xFFF0000F0", 
              "Computer", 
              [
                "processorspeed", 
                [
                  "C_DATA", 
                  "0xFFF0000F0", 
                  "int", 
                  0
                ]
              ]
            ]
          }, 
          "frame_id": "0xFFF000110", 
          "func_name": "main", 
          "is_highlighted": true, 
          "is_parent": false, 
          "is_zombie": false, 
          "line": 58, 
          "ordered_varnames": [
            "compute"
          ], 
          "parent_frame_id_list": [], 
          "unique_hash": "main_0xFFF000110"
        }
      ], 
      "stdout": ""
    }, 
    {
      "event": "call", 
      "func_name": "Computer::setspeed(int)", 
      "globals": {}, 
      "heap": {}, 
      "line": 39, 
      "ordered_globals": [], 
      "stack_to_render": [
        {
          "encoded_locals": {
            "compute": [
              "C_STRUCT", 
              "0xFFF0000F0", 
              "Computer", 
              [
                "processorspeed", 
                [
                  "C_DATA", 
                  "0xFFF0000F0", 
                  "int", 
                  0
                ]
              ]
            ]
          }, 
          "frame_id": "0xFFF000110", 
          "func_name": "main", 
          "is_highlighted": false, 
          "is_parent": false, 
          "is_zombie": false, 
          "line": 58, 
          "ordered_varnames": [
            "compute"
          ], 
          "parent_frame_id_list": [], 
          "unique_hash": "main_0xFFF000110"
        }, 
        {
          "encoded_locals": {
            "p": [
              "C_DATA", 
              "0xFFF0000D4", 
              "int", 
              "<UNINITIALIZED>"
            ], 
            "this": [
              "C_DATA", 
              "0xFFF0000D8", 
              "pointer", 
              "<UNINITIALIZED>"
            ]
          }, 
          "frame_id": "0xFFF0000E0", 
          "func_name": "Computer::setspeed(int)", 
          "is_highlighted": true, 
          "is_parent": false, 
          "is_zombie": false, 
          "line": 39, 
          "ordered_varnames": [
            "this", 
            "p"
          ], 
          "parent_frame_id_list": [], 
          "unique_hash": "Computer::setspeed(int)_0xFFF0000E0"
        }
      ], 
      "stdout": ""
    }, 
    {
      "event": "step_line", 
      "func_name": "Computer::setspeed(int)", 
      "globals": {}, 
      "heap": {}, 
      "line": 43, 
      "ordered_globals": [], 
      "stack_to_render": [
        {
          "encoded_locals": {
            "compute": [
              "C_STRUCT", 
              "0xFFF0000F0", 
              "Computer", 
              [
                "processorspeed", 
                [
                  "C_DATA", 
                  "0xFFF0000F0", 
                  "int", 
                  0
                ]
              ]
            ]
          }, 
          "frame_id": "0xFFF000110", 
          "func_name": "main", 
          "is_highlighted": false, 
          "is_parent": false, 
          "is_zombie": false, 
          "line": 58, 
          "ordered_varnames": [
            "compute"
          ], 
          "parent_frame_id_list": [], 
          "unique_hash": "main_0xFFF000110"
        }, 
        {
          "encoded_locals": {
            "p": [
              "C_DATA", 
              "0xFFF0000D4", 
              "int", 
              100
            ], 
            "this": [
              "C_DATA", 
              "0xFFF0000D8", 
              "pointer", 
              "0xFFF0000F0"
            ]
          }, 
          "frame_id": "0xFFF0000E0", 
          "func_name": "Computer::setspeed(int)", 
          "is_highlighted": true, 
          "is_parent": false, 
          "is_zombie": false, 
          "line": 43, 
          "ordered_varnames": [
            "this", 
            "p"
          ], 
          "parent_frame_id_list": [], 
          "unique_hash": "Computer::setspeed(int)_0xFFF0000E0"
        }
      ], 
      "stdout": ""
    }, 
    {
      "event": "return", 
      "func_name": "Computer::setspeed(int)", 
      "globals": {}, 
      "heap": {}, 
      "line": 44, 
      "ordered_globals": [], 
      "stack_to_render": [
        {
          "encoded_locals": {
            "compute": [
              "C_STRUCT", 
              "0xFFF0000F0", 
              "Computer", 
              [
                "processorspeed", 
                [
                  "C_DATA", 
                  "0xFFF0000F0", 
                  "int", 
                  100
                ]
              ]
            ]
          }, 
          "frame_id": "0xFFF000110", 
          "func_name": "main", 
          "is_highlighted": false, 
          "is_parent": false, 
          "is_zombie": false, 
          "line": 58, 
          "ordered_varnames": [
            "compute"
          ], 
          "parent_frame_id_list": [], 
          "unique_hash": "main_0xFFF000110"
        }, 
        {
          "encoded_locals": {
            "p": [
              "C_DATA", 
              "0xFFF0000D4", 
              "int", 
              100
            ], 
            "this": [
              "C_DATA", 
              "0xFFF0000D8", 
              "pointer", 
              "0xFFF0000F0"
            ]
          }, 
          "frame_id": "0xFFF0000E0", 
          "func_name": "Computer::setspeed(int)", 
          "is_highlighted": true, 
          "is_parent": false, 
          "is_zombie": false, 
          "line": 44, 
          "ordered_varnames": [
            "this", 
            "p"
          ], 
          "parent_frame_id_list": [], 
          "unique_hash": "Computer::setspeed(int)_0xFFF0000E0"
        }
      ], 
      "stdout": ""
    }, 
    {
      "event": "step_line", 
      "func_name": "main", 
      "globals": {}, 
      "heap": {}, 
      "line": 61, 
      "ordered_globals": [], 
      "stack_to_render": [
        {
          "encoded_locals": {
            "compute": [
              "C_STRUCT", 
              "0xFFF0000F0", 
              "Computer", 
              [
                "processorspeed", 
                [
                  "C_DATA", 
                  "0xFFF0000F0", 
                  "int", 
                  100
                ]
              ]
            ]
          }, 
          "frame_id": "0xFFF000110", 
          "func_name": "main", 
          "is_highlighted": true, 
          "is_parent": false, 
          "is_zombie": false, 
          "line": 61, 
          "ordered_varnames": [
            "compute"
          ], 
          "parent_frame_id_list": [], 
          "unique_hash": "main_0xFFF000110"
        }
      ], 
      "stdout": ""
    }, 
    {
      "event": "call", 
      "func_name": "Computer::readspeed()", 
      "globals": {}, 
      "heap": {}, 
      "line": 46, 
      "ordered_globals": [], 
      "stack_to_render": [
        {
          "encoded_locals": {
            "compute": [
              "C_STRUCT", 
              "0xFFF0000F0", 
              "Computer", 
              [
                "processorspeed", 
                [
                  "C_DATA", 
                  "0xFFF0000F0", 
                  "int", 
                  100
                ]
              ]
            ]
          }, 
          "frame_id": "0xFFF000110", 
          "func_name": "main", 
          "is_highlighted": false, 
          "is_parent": false, 
          "is_zombie": false, 
          "line": 61, 
          "ordered_varnames": [
            "compute"
          ], 
          "parent_frame_id_list": [], 
          "unique_hash": "main_0xFFF000110"
        }, 
        {
          "encoded_locals": {
            "this": [
              "C_DATA", 
              "0xFFF0000D8", 
              "pointer", 
              "<UNINITIALIZED>"
            ]
          }, 
          "frame_id": "0xFFF0000E0", 
          "func_name": "Computer::readspeed()", 
          "is_highlighted": true, 
          "is_parent": false, 
          "is_zombie": false, 
          "line": 46, 
          "ordered_varnames": [
            "this"
          ], 
          "parent_frame_id_list": [], 
          "unique_hash": "Computer::readspeed()_0xFFF0000E0"
        }
      ], 
      "stdout": ""
    }, 
    {
      "event": "step_line", 
      "func_name": "Computer::readspeed()", 
      "globals": {}, 
      "heap": {}, 
      "line": 49, 
      "ordered_globals": [], 
      "stack_to_render": [
        {
          "encoded_locals": {
            "compute": [
              "C_STRUCT", 
              "0xFFF0000F0", 
              "Computer", 
              [
                "processorspeed", 
                [
                  "C_DATA", 
                  "0xFFF0000F0", 
                  "int", 
                  100
                ]
              ]
            ]
          }, 
          "frame_id": "0xFFF000110", 
          "func_name": "main", 
          "is_highlighted": false, 
          "is_parent": false, 
          "is_zombie": false, 
          "line": 61, 
          "ordered_varnames": [
            "compute"
          ], 
          "parent_frame_id_list": [], 
          "unique_hash": "main_0xFFF000110"
        }, 
        {
          "encoded_locals": {
            "this": [
              "C_DATA", 
              "0xFFF0000D8", 
              "pointer", 
              "0xFFF0000F0"
            ]
          }, 
          "frame_id": "0xFFF0000E0", 
          "func_name": "Computer::readspeed()", 
          "is_highlighted": true, 
          "is_parent": false, 
          "is_zombie": false, 
          "line": 49, 
          "ordered_varnames": [
            "this"
          ], 
          "parent_frame_id_list": [], 
          "unique_hash": "Computer::readspeed()_0xFFF0000E0"
        }
      ], 
      "stdout": ""
    }, 
    {
      "event": "return", 
      "func_name": "Computer::readspeed()", 
      "globals": {}, 
      "heap": {}, 
      "line": 50, 
      "ordered_globals": [], 
      "stack_to_render": [
        {
          "encoded_locals": {
            "compute": [
              "C_STRUCT", 
              "0xFFF0000F0", 
              "Computer", 
              [
                "processorspeed", 
                [
                  "C_DATA", 
                  "0xFFF0000F0", 
                  "int", 
                  100
                ]
              ]
            ]
          }, 
          "frame_id": "0xFFF000110", 
          "func_name": "main", 
          "is_highlighted": false, 
          "is_parent": false, 
          "is_zombie": false, 
          "line": 61, 
          "ordered_varnames": [
            "compute"
          ], 
          "parent_frame_id_list": [], 
          "unique_hash": "main_0xFFF000110"
        }, 
        {
          "encoded_locals": {
            "this": [
              "C_DATA", 
              "0xFFF0000D8", 
              "pointer", 
              "0xFFF0000F0"
            ]
          }, 
          "frame_id": "0xFFF0000E0", 
          "func_name": "Computer::readspeed()", 
          "is_highlighted": true, 
          "is_parent": false, 
          "is_zombie": false, 
          "line": 50, 
          "ordered_varnames": [
            "this"
          ], 
          "parent_frame_id_list": [], 
          "unique_hash": "Computer::readspeed()_0xFFF0000E0"
        }
      ], 
      "stdout": ""
    }, 
    {
      "event": "step_line", 
      "func_name": "main", 
      "globals": {}, 
      "heap": {}, 
      "line": 61, 
      "ordered_globals": [], 
      "stack_to_render": [
        {
          "encoded_locals": {
            "compute": [
              "C_STRUCT", 
              "0xFFF0000F0", 
              "Computer", 
              [
                "processorspeed", 
                [
                  "C_DATA", 
                  "0xFFF0000F0", 
                  "int", 
                  100
                ]
              ]
            ]
          }, 
          "frame_id": "0xFFF000110", 
          "func_name": "main", 
          "is_highlighted": true, 
          "is_parent": false, 
          "is_zombie": false, 
          "line": 61, 
          "ordered_varnames": [
            "compute"
          ], 
          "parent_frame_id_list": [], 
          "unique_hash": "main_0xFFF000110"
        }
      ], 
      "stdout": ""
    }, 
    {
      "event": "call", 
      "func_name": "Computer::~Computer()", 
      "globals": {}, 
      "heap": {}, 
      "line": 33, 
      "ordered_globals": [], 
      "stack_to_render": [
        {
          "encoded_locals": {
            "compute": [
              "C_STRUCT", 
              "0xFFF0000F0", 
              "Computer", 
              [
                "processorspeed", 
                [
                  "C_DATA", 
                  "0xFFF0000F0", 
                  "int", 
                  100
                ]
              ]
            ]
          }, 
          "frame_id": "0xFFF000110", 
          "func_name": "main", 
          "is_highlighted": false, 
          "is_parent": false, 
          "is_zombie": false, 
          "line": 61, 
          "ordered_varnames": [
            "compute"
          ], 
          "parent_frame_id_list": [], 
          "unique_hash": "main_0xFFF000110"
        }, 
        {
          "encoded_locals": {}, 
          "frame_id": "0xFFF0000E0", 
          "func_name": "Computer::~Computer()", 
          "is_highlighted": true, 
          "is_parent": false, 
          "is_zombie": false, 
          "line": 33, 
          "ordered_varnames": [], 
          "parent_frame_id_list": [], 
          "unique_hash": "Computer::~Computer()_0xFFF0000E0"
        }
      ], 
      "stdout": "100"
    }, 
    {
      "event": "return", 
      "func_name": "Computer::~Computer()", 
      "globals": {}, 
      "heap": {}, 
      "line": 36, 
      "ordered_globals": [], 
      "stack_to_render": [
        {
          "encoded_locals": {
            "compute": [
              "C_STRUCT", 
              "0xFFF0000F0", 
              "Computer", 
              [
                "processorspeed", 
                [
                  "C_DATA", 
                  "0xFFF0000F0", 
                  "int", 
                  100
                ]
              ]
            ]
          }, 
          "frame_id": "0xFFF000110", 
          "func_name": "main", 
          "is_highlighted": false, 
          "is_parent": false, 
          "is_zombie": false, 
          "line": 61, 
          "ordered_varnames": [
            "compute"
          ], 
          "parent_frame_id_list": [], 
          "unique_hash": "main_0xFFF000110"
        }, 
        {
          "encoded_locals": {}, 
          "frame_id": "0xFFF0000E0", 
          "func_name": "Computer::~Computer()", 
          "is_highlighted": true, 
          "is_parent": false, 
          "is_zombie": false, 
          "line": 36, 
          "ordered_varnames": [], 
          "parent_frame_id_list": [], 
          "unique_hash": "Computer::~Computer()_0xFFF0000E0"
        }
      ], 
      "stdout": "100"
    }, 
    {
      "event": "step_line", 
      "func_name": "main", 
      "globals": {}, 
      "heap": {}, 
      "line": 63, 
      "ordered_globals": [], 
      "stack_to_render": [
        {
          "encoded_locals": {}, 
          "frame_id": "0xFFF000110", 
          "func_name": "main", 
          "is_highlighted": true, 
          "is_parent": false, 
          "is_zombie": false, 
          "line": 63, 
          "ordered_varnames": [], 
          "parent_frame_id_list": [], 
          "unique_hash": "main_0xFFF000110"
        }
      ], 
      "stdout": "100"
    }, 
    {
      "event": "return", 
      "func_name": "main", 
      "globals": {}, 
      "heap": {}, 
      "line": 63, 
      "ordered_globals": [], 
      "stack_to_render": [
        {
          "encoded_locals": {}, 
          "frame_id": "0xFFF000110", 
          "func_name": "main", 
          "is_highlighted": true, 
          "is_parent": false, 
          "is_zombie": false, 
          "line": 63, 
          "ordered_varnames": [], 
          "parent_frame_id_list": [], 
          "unique_hash": "main_0xFFF000110"
        }
      ], 
      "stdout": "100"
    }
  ]
}

