{
  "code": "#include <stdlib.h>\n\n// from https://en.wikipedia.org/wiki/Struct_(C_programming_language)\n\n// regular\nstruct Account {\n   int account_number;\n   double balance;\n   char *first_name;\n   char *last_name;\n};\n\n// typedef version\ntypedef struct {\n   int    xxx;\n   int    yyy;\n} Point;\n\nint main() {\n  struct Account my_account;\n  my_account.account_number = 42;\n  my_account.balance = 3.141592653589793238462643383279502884197169399375105820974944592307816406286;\n  my_account.first_name = \"Philip\";\n  my_account.last_name = \"Guo\";\n\n  Point my_point;\n  my_point.xxx = 12345;\n  my_point.yyy = 54321;\n  return 0;\n}", 
  "trace": [
    {
      "event": "step_line", 
      "func_name": "main", 
      "globals": {}, 
      "heap": {}, 
      "line": 21, 
      "ordered_globals": [], 
      "stack_to_render": [
        {
          "encoded_locals": {
            "my_account": [
              "C_STRUCT", 
              "0xFFF0000F0", 
              "Account", 
              [
                "account_number", 
                [
                  "C_DATA", 
                  "0xFFF0000F0", 
                  "int", 
                  "<UNINITIALIZED>"
                ]
              ], 
              [
                "balance", 
                [
                  "C_DATA", 
                  "0xFFF0000F8", 
                  "double", 
                  "<UNINITIALIZED>"
                ]
              ], 
              [
                "first_name", 
                [
                  "C_DATA", 
                  "0xFFF000100", 
                  "pointer", 
                  "<UNINITIALIZED>"
                ]
              ], 
              [
                "last_name", 
                [
                  "C_DATA", 
                  "0xFFF000108", 
                  "pointer", 
                  "<UNINITIALIZED>"
                ]
              ]
            ], 
            "my_point": [
              "C_STRUCT", 
              "0xFFF0000E0", 
              "Point", 
              [
                "xxx", 
                [
                  "C_DATA", 
                  "0xFFF0000E0", 
                  "int", 
                  "<UNINITIALIZED>"
                ]
              ], 
              [
                "yyy", 
                [
                  "C_DATA", 
                  "0xFFF0000E4", 
                  "int", 
                  "<UNINITIALIZED>"
                ]
              ]
            ]
          }, 
          "frame_id": "0xFFF000110", 
          "func_name": "main", 
          "is_highlighted": true, 
          "is_parent": false, 
          "is_zombie": false, 
          "line": 21, 
          "ordered_varnames": [
            "my_account", 
            "my_point"
          ], 
          "parent_frame_id_list": [], 
          "unique_hash": "main_0xFFF000110"
        }
      ], 
      "stdout": ""
    }, 
    {
      "event": "step_line", 
      "func_name": "main", 
      "globals": {}, 
      "heap": {}, 
      "line": 22, 
      "ordered_globals": [], 
      "stack_to_render": [
        {
          "encoded_locals": {
            "my_account": [
              "C_STRUCT", 
              "0xFFF0000F0", 
              "Account", 
              [
                "account_number", 
                [
                  "C_DATA", 
                  "0xFFF0000F0", 
                  "int", 
                  42
                ]
              ], 
              [
                "balance", 
                [
                  "C_DATA", 
                  "0xFFF0000F8", 
                  "double", 
                  "<UNINITIALIZED>"
                ]
              ], 
              [
                "first_name", 
                [
                  "C_DATA", 
                  "0xFFF000100", 
                  "pointer", 
                  "<UNINITIALIZED>"
                ]
              ], 
              [
                "last_name", 
                [
                  "C_DATA", 
                  "0xFFF000108", 
                  "pointer", 
                  "<UNINITIALIZED>"
                ]
              ]
            ], 
            "my_point": [
              "C_STRUCT", 
              "0xFFF0000E0", 
              "Point", 
              [
                "xxx", 
                [
                  "C_DATA", 
                  "0xFFF0000E0", 
                  "int", 
                  "<UNINITIALIZED>"
                ]
              ], 
              [
                "yyy", 
                [
                  "C_DATA", 
                  "0xFFF0000E4", 
                  "int", 
                  "<UNINITIALIZED>"
                ]
              ]
            ]
          }, 
          "frame_id": "0xFFF000110", 
          "func_name": "main", 
          "is_highlighted": true, 
          "is_parent": false, 
          "is_zombie": false, 
          "line": 21, 
          "ordered_varnames": [
            "my_account", 
            "my_point"
          ], 
          "parent_frame_id_list": [], 
          "unique_hash": "main_0xFFF000110"
        }
      ], 
      "stdout": ""
    }, 
    {
      "event": "step_line", 
      "func_name": "main", 
      "globals": {}, 
      "heap": {}, 
      "line": 23, 
      "ordered_globals": [], 
      "stack_to_render": [
        {
          "encoded_locals": {
            "my_account": [
              "C_STRUCT", 
              "0xFFF0000F0", 
              "Account", 
              [
                "account_number", 
                [
                  "C_DATA", 
                  "0xFFF0000F0", 
                  "int", 
                  42
                ]
              ], 
              [
                "balance", 
                [
                  "C_DATA", 
                  "0xFFF0000F8", 
                  "double", 
                  3.141593
                ]
              ], 
              [
                "first_name", 
                [
                  "C_DATA", 
                  "0xFFF000100", 
                  "pointer", 
                  "<UNINITIALIZED>"
                ]
              ], 
              [
                "last_name", 
                [
                  "C_DATA", 
                  "0xFFF000108", 
                  "pointer", 
                  "<UNINITIALIZED>"
                ]
              ]
            ], 
            "my_point": [
              "C_STRUCT", 
              "0xFFF0000E0", 
              "Point", 
              [
                "xxx", 
                [
                  "C_DATA", 
                  "0xFFF0000E0", 
                  "int", 
                  "<UNINITIALIZED>"
                ]
              ], 
              [
                "yyy", 
                [
                  "C_DATA", 
                  "0xFFF0000E4", 
                  "int", 
                  "<UNINITIALIZED>"
                ]
              ]
            ]
          }, 
          "frame_id": "0xFFF000110", 
          "func_name": "main", 
          "is_highlighted": true, 
          "is_parent": false, 
          "is_zombie": false, 
          "line": 23, 
          "ordered_varnames": [
            "my_account", 
            "my_point"
          ], 
          "parent_frame_id_list": [], 
          "unique_hash": "main_0xFFF000110"
        }
      ], 
      "stdout": ""
    }, 
    {
      "event": "step_line", 
      "func_name": "main", 
      "globals": {}, 
      "heap": {
        "0x4005B4": [
          "C_ARRAY", 
          "0x4005B4", 
          [
            "C_DATA", 
            "0x4005B4", 
            "char", 
            "P"
          ], 
          [
            "C_DATA", 
            "0x4005B5", 
            "char", 
            "h"
          ], 
          [
            "C_DATA", 
            "0x4005B6", 
            "char", 
            "i"
          ], 
          [
            "C_DATA", 
            "0x4005B7", 
            "char", 
            "l"
          ], 
          [
            "C_DATA", 
            "0x4005B8", 
            "char", 
            "i"
          ], 
          [
            "C_DATA", 
            "0x4005B9", 
            "char", 
            "p"
          ], 
          [
            "C_DATA", 
            "0x4005BA", 
            "char", 
            "\\0"
          ]
        ]
      }, 
      "line": 24, 
      "ordered_globals": [], 
      "stack_to_render": [
        {
          "encoded_locals": {
            "my_account": [
              "C_STRUCT", 
              "0xFFF0000F0", 
              "Account", 
              [
                "account_number", 
                [
                  "C_DATA", 
                  "0xFFF0000F0", 
                  "int", 
                  42
                ]
              ], 
              [
                "balance", 
                [
                  "C_DATA", 
                  "0xFFF0000F8", 
                  "double", 
                  3.141593
                ]
              ], 
              [
                "first_name", 
                [
                  "C_DATA", 
                  "0xFFF000100", 
                  "pointer", 
                  "0x4005B4"
                ]
              ], 
              [
                "last_name", 
                [
                  "C_DATA", 
                  "0xFFF000108", 
                  "pointer", 
                  "<UNINITIALIZED>"
                ]
              ]
            ], 
            "my_point": [
              "C_STRUCT", 
              "0xFFF0000E0", 
              "Point", 
              [
                "xxx", 
                [
                  "C_DATA", 
                  "0xFFF0000E0", 
                  "int", 
                  "<UNINITIALIZED>"
                ]
              ], 
              [
                "yyy", 
                [
                  "C_DATA", 
                  "0xFFF0000E4", 
                  "int", 
                  "<UNINITIALIZED>"
                ]
              ]
            ]
          }, 
          "frame_id": "0xFFF000110", 
          "func_name": "main", 
          "is_highlighted": true, 
          "is_parent": false, 
          "is_zombie": false, 
          "line": 24, 
          "ordered_varnames": [
            "my_account", 
            "my_point"
          ], 
          "parent_frame_id_list": [], 
          "unique_hash": "main_0xFFF000110"
        }
      ], 
      "stdout": ""
    }, 
    {
      "event": "step_line", 
      "func_name": "main", 
      "globals": {}, 
      "heap": {
        "0x4005B4": [
          "C_ARRAY", 
          "0x4005B4", 
          [
            "C_DATA", 
            "0x4005B4", 
            "char", 
            "P"
          ], 
          [
            "C_DATA", 
            "0x4005B5", 
            "char", 
            "h"
          ], 
          [
            "C_DATA", 
            "0x4005B6", 
            "char", 
            "i"
          ], 
          [
            "C_DATA", 
            "0x4005B7", 
            "char", 
            "l"
          ], 
          [
            "C_DATA", 
            "0x4005B8", 
            "char", 
            "i"
          ], 
          [
            "C_DATA", 
            "0x4005B9", 
            "char", 
            "p"
          ], 
          [
            "C_DATA", 
            "0x4005BA", 
            "char", 
            "\\0"
          ]
        ], 
        "0x4005BB": [
          "C_ARRAY", 
          "0x4005BB", 
          [
            "C_DATA", 
            "0x4005BB", 
            "char", 
            "G"
          ], 
          [
            "C_DATA", 
            "0x4005BC", 
            "char", 
            "u"
          ], 
          [
            "C_DATA", 
            "0x4005BD", 
            "char", 
            "o"
          ], 
          [
            "C_DATA", 
            "0x4005BE", 
            "char", 
            "\\0"
          ]
        ]
      }, 
      "line": 27, 
      "ordered_globals": [], 
      "stack_to_render": [
        {
          "encoded_locals": {
            "my_account": [
              "C_STRUCT", 
              "0xFFF0000F0", 
              "Account", 
              [
                "account_number", 
                [
                  "C_DATA", 
                  "0xFFF0000F0", 
                  "int", 
                  42
                ]
              ], 
              [
                "balance", 
                [
                  "C_DATA", 
                  "0xFFF0000F8", 
                  "double", 
                  3.141593
                ]
              ], 
              [
                "first_name", 
                [
                  "C_DATA", 
                  "0xFFF000100", 
                  "pointer", 
                  "0x4005B4"
                ]
              ], 
              [
                "last_name", 
                [
                  "C_DATA", 
                  "0xFFF000108", 
                  "pointer", 
                  "0x4005BB"
                ]
              ]
            ], 
            "my_point": [
              "C_STRUCT", 
              "0xFFF0000E0", 
              "Point", 
              [
                "xxx", 
                [
                  "C_DATA", 
                  "0xFFF0000E0", 
                  "int", 
                  "<UNINITIALIZED>"
                ]
              ], 
              [
                "yyy", 
                [
                  "C_DATA", 
                  "0xFFF0000E4", 
                  "int", 
                  "<UNINITIALIZED>"
                ]
              ]
            ]
          }, 
          "frame_id": "0xFFF000110", 
          "func_name": "main", 
          "is_highlighted": true, 
          "is_parent": false, 
          "is_zombie": false, 
          "line": 27, 
          "ordered_varnames": [
            "my_account", 
            "my_point"
          ], 
          "parent_frame_id_list": [], 
          "unique_hash": "main_0xFFF000110"
        }
      ], 
      "stdout": ""
    }, 
    {
      "event": "step_line", 
      "func_name": "main", 
      "globals": {}, 
      "heap": {
        "0x4005B4": [
          "C_ARRAY", 
          "0x4005B4", 
          [
            "C_DATA", 
            "0x4005B4", 
            "char", 
            "P"
          ], 
          [
            "C_DATA", 
            "0x4005B5", 
            "char", 
            "h"
          ], 
          [
            "C_DATA", 
            "0x4005B6", 
            "char", 
            "i"
          ], 
          [
            "C_DATA", 
            "0x4005B7", 
            "char", 
            "l"
          ], 
          [
            "C_DATA", 
            "0x4005B8", 
            "char", 
            "i"
          ], 
          [
            "C_DATA", 
            "0x4005B9", 
            "char", 
            "p"
          ], 
          [
            "C_DATA", 
            "0x4005BA", 
            "char", 
            "\\0"
          ]
        ], 
        "0x4005BB": [
          "C_ARRAY", 
          "0x4005BB", 
          [
            "C_DATA", 
            "0x4005BB", 
            "char", 
            "G"
          ], 
          [
            "C_DATA", 
            "0x4005BC", 
            "char", 
            "u"
          ], 
          [
            "C_DATA", 
            "0x4005BD", 
            "char", 
            "o"
          ], 
          [
            "C_DATA", 
            "0x4005BE", 
            "char", 
            "\\0"
          ]
        ]
      }, 
      "line": 28, 
      "ordered_globals": [], 
      "stack_to_render": [
        {
          "encoded_locals": {
            "my_account": [
              "C_STRUCT", 
              "0xFFF0000F0", 
              "Account", 
              [
                "account_number", 
                [
                  "C_DATA", 
                  "0xFFF0000F0", 
                  "int", 
                  42
                ]
              ], 
              [
                "balance", 
                [
                  "C_DATA", 
                  "0xFFF0000F8", 
                  "double", 
                  3.141593
                ]
              ], 
              [
                "first_name", 
                [
                  "C_DATA", 
                  "0xFFF000100", 
                  "pointer", 
                  "0x4005B4"
                ]
              ], 
              [
                "last_name", 
                [
                  "C_DATA", 
                  "0xFFF000108", 
                  "pointer", 
                  "0x4005BB"
                ]
              ]
            ], 
            "my_point": [
              "C_STRUCT", 
              "0xFFF0000E0", 
              "Point", 
              [
                "xxx", 
                [
                  "C_DATA", 
                  "0xFFF0000E0", 
                  "int", 
                  12345
                ]
              ], 
              [
                "yyy", 
                [
                  "C_DATA", 
                  "0xFFF0000E4", 
                  "int", 
                  "<UNINITIALIZED>"
                ]
              ]
            ]
          }, 
          "frame_id": "0xFFF000110", 
          "func_name": "main", 
          "is_highlighted": true, 
          "is_parent": false, 
          "is_zombie": false, 
          "line": 28, 
          "ordered_varnames": [
            "my_account", 
            "my_point"
          ], 
          "parent_frame_id_list": [], 
          "unique_hash": "main_0xFFF000110"
        }
      ], 
      "stdout": ""
    }, 
    {
      "event": "step_line", 
      "func_name": "main", 
      "globals": {}, 
      "heap": {
        "0x4005B4": [
          "C_ARRAY", 
          "0x4005B4", 
          [
            "C_DATA", 
            "0x4005B4", 
            "char", 
            "P"
          ], 
          [
            "C_DATA", 
            "0x4005B5", 
            "char", 
            "h"
          ], 
          [
            "C_DATA", 
            "0x4005B6", 
            "char", 
            "i"
          ], 
          [
            "C_DATA", 
            "0x4005B7", 
            "char", 
            "l"
          ], 
          [
            "C_DATA", 
            "0x4005B8", 
            "char", 
            "i"
          ], 
          [
            "C_DATA", 
            "0x4005B9", 
            "char", 
            "p"
          ], 
          [
            "C_DATA", 
            "0x4005BA", 
            "char", 
            "\\0"
          ]
        ], 
        "0x4005BB": [
          "C_ARRAY", 
          "0x4005BB", 
          [
            "C_DATA", 
            "0x4005BB", 
            "char", 
            "G"
          ], 
          [
            "C_DATA", 
            "0x4005BC", 
            "char", 
            "u"
          ], 
          [
            "C_DATA", 
            "0x4005BD", 
            "char", 
            "o"
          ], 
          [
            "C_DATA", 
            "0x4005BE", 
            "char", 
            "\\0"
          ]
        ]
      }, 
      "line": 29, 
      "ordered_globals": [], 
      "stack_to_render": [
        {
          "encoded_locals": {
            "my_account": [
              "C_STRUCT", 
              "0xFFF0000F0", 
              "Account", 
              [
                "account_number", 
                [
                  "C_DATA", 
                  "0xFFF0000F0", 
                  "int", 
                  42
                ]
              ], 
              [
                "balance", 
                [
                  "C_DATA", 
                  "0xFFF0000F8", 
                  "double", 
                  3.141593
                ]
              ], 
              [
                "first_name", 
                [
                  "C_DATA", 
                  "0xFFF000100", 
                  "pointer", 
                  "0x4005B4"
                ]
              ], 
              [
                "last_name", 
                [
                  "C_DATA", 
                  "0xFFF000108", 
                  "pointer", 
                  "0x4005BB"
                ]
              ]
            ], 
            "my_point": [
              "C_STRUCT", 
              "0xFFF0000E0", 
              "Point", 
              [
                "xxx", 
                [
                  "C_DATA", 
                  "0xFFF0000E0", 
                  "int", 
                  12345
                ]
              ], 
              [
                "yyy", 
                [
                  "C_DATA", 
                  "0xFFF0000E4", 
                  "int", 
                  54321
                ]
              ]
            ]
          }, 
          "frame_id": "0xFFF000110", 
          "func_name": "main", 
          "is_highlighted": true, 
          "is_parent": false, 
          "is_zombie": false, 
          "line": 28, 
          "ordered_varnames": [
            "my_account", 
            "my_point"
          ], 
          "parent_frame_id_list": [], 
          "unique_hash": "main_0xFFF000110"
        }
      ], 
      "stdout": ""
    }, 
    {
      "event": "return", 
      "func_name": "main", 
      "globals": {}, 
      "heap": {
        "0x4005B4": [
          "C_ARRAY", 
          "0x4005B4", 
          [
            "C_DATA", 
            "0x4005B4", 
            "char", 
            "P"
          ], 
          [
            "C_DATA", 
            "0x4005B5", 
            "char", 
            "h"
          ], 
          [
            "C_DATA", 
            "0x4005B6", 
            "char", 
            "i"
          ], 
          [
            "C_DATA", 
            "0x4005B7", 
            "char", 
            "l"
          ], 
          [
            "C_DATA", 
            "0x4005B8", 
            "char", 
            "i"
          ], 
          [
            "C_DATA", 
            "0x4005B9", 
            "char", 
            "p"
          ], 
          [
            "C_DATA", 
            "0x4005BA", 
            "char", 
            "\\0"
          ]
        ], 
        "0x4005BB": [
          "C_ARRAY", 
          "0x4005BB", 
          [
            "C_DATA", 
            "0x4005BB", 
            "char", 
            "G"
          ], 
          [
            "C_DATA", 
            "0x4005BC", 
            "char", 
            "u"
          ], 
          [
            "C_DATA", 
            "0x4005BD", 
            "char", 
            "o"
          ], 
          [
            "C_DATA", 
            "0x4005BE", 
            "char", 
            "\\0"
          ]
        ]
      }, 
      "line": 30, 
      "ordered_globals": [], 
      "stack_to_render": [
        {
          "encoded_locals": {
            "my_account": [
              "C_STRUCT", 
              "0xFFF0000F0", 
              "Account", 
              [
                "account_number", 
                [
                  "C_DATA", 
                  "0xFFF0000F0", 
                  "int", 
                  42
                ]
              ], 
              [
                "balance", 
                [
                  "C_DATA", 
                  "0xFFF0000F8", 
                  "double", 
                  3.141593
                ]
              ], 
              [
                "first_name", 
                [
                  "C_DATA", 
                  "0xFFF000100", 
                  "pointer", 
                  "0x4005B4"
                ]
              ], 
              [
                "last_name", 
                [
                  "C_DATA", 
                  "0xFFF000108", 
                  "pointer", 
                  "0x4005BB"
                ]
              ]
            ], 
            "my_point": [
              "C_STRUCT", 
              "0xFFF0000E0", 
              "Point", 
              [
                "xxx", 
                [
                  "C_DATA", 
                  "0xFFF0000E0", 
                  "int", 
                  12345
                ]
              ], 
              [
                "yyy", 
                [
                  "C_DATA", 
                  "0xFFF0000E4", 
                  "int", 
                  54321
                ]
              ]
            ]
          }, 
          "frame_id": "0xFFF000110", 
          "func_name": "main", 
          "is_highlighted": true, 
          "is_parent": false, 
          "is_zombie": false, 
          "line": 30, 
          "ordered_varnames": [
            "my_account", 
            "my_point"
          ], 
          "parent_frame_id_list": [], 
          "unique_hash": "main_0xFFF000110"
        }
      ], 
      "stdout": ""
    }
  ]
}

