{
  "code": "# caught exception:\ntry:\n  x = 1 / 0\nexcept:\n  print(\"DIVIDE BY ZERO\")\n\n\n# uncaught:\nprint(y)\n\nprint(\"should not reach here\")\n\n", 
  "trace": [
    {
      "ordered_globals": [], 
      "stdout": "", 
      "func_name": "<module>", 
      "stack_to_render": [], 
      "globals": {}, 
      "heap": {}, 
      "line": 2, 
      "event": "step_line"
    }, 
    {
      "ordered_globals": [], 
      "stdout": "", 
      "func_name": "<module>", 
      "stack_to_render": [], 
      "globals": {}, 
      "heap": {}, 
      "line": 3, 
      "event": "step_line"
    }, 
    {
      "ordered_globals": [], 
      "stdout": "", 
      "exception_msg": "ZeroDivisionError: integer division or modulo by zero", 
      "func_name": "<module>", 
      "stack_to_render": [], 
      "globals": {}, 
      "heap": {}, 
      "line": 3, 
      "event": "exception"
    }, 
    {
      "ordered_globals": [], 
      "stdout": "", 
      "func_name": "<module>", 
      "stack_to_render": [], 
      "globals": {}, 
      "heap": {}, 
      "line": 4, 
      "event": "step_line"
    }, 
    {
      "ordered_globals": [], 
      "stdout": "", 
      "func_name": "<module>", 
      "stack_to_render": [], 
      "globals": {}, 
      "heap": {}, 
      "line": 5, 
      "event": "step_line"
    }, 
    {
      "ordered_globals": [], 
      "stdout": "DIVIDE BY ZERO\n", 
      "func_name": "<module>", 
      "stack_to_render": [], 
      "globals": {}, 
      "heap": {}, 
      "line": 9, 
      "event": "step_line"
    }, 
    {
      "ordered_globals": [], 
      "stdout": "DIVIDE BY ZERO\n", 
      "exception_msg": "NameError: name 'y' is not defined", 
      "func_name": "<module>", 
      "stack_to_render": [], 
      "globals": {}, 
      "heap": {}, 
      "line": 9, 
      "event": "exception"
    }
  ]
}
