{
  "code": "x = 0\nfor i in range(10):\n  x += 1\n   print x\n  x += 1\n\n", 
  "trace": [
    {
      "exception_msg": "IndentationError: unexpected indent (<string>, line 4)", 
      "line": 4, 
      "event": "uncaught_exception", 
      "offset": 3
    }
  ]
}
