{
  "code": "# test to make sure nothing crashes when tracing code in pure-Python\n# function calls imported from modules\nimport random\nrandom.randint(10, 100)\n\nfrom re import compile\nx = compile('foo')\n", 
  "trace": [
    {
      "ordered_globals": [], 
      "stdout": "", 
      "func_name": "<module>", 
      "stack_to_render": [], 
      "globals": {}, 
      "heap": {}, 
      "line": 3, 
      "event": "step_line"
    }, 
    {
      "ordered_globals": [
        "random"
      ], 
      "stdout": "", 
      "func_name": "<module>", 
      "stack_to_render": [], 
      "globals": {
        "random": [
          "IMPORTED_FAUX_PRIMITIVE", 
          "imported module"
        ]
      }, 
      "heap": {}, 
      "line": 4, 
      "event": "step_line"
    }, 
    {
      "ordered_globals": [
        "random"
      ], 
      "stdout": "", 
      "func_name": "<module>", 
      "stack_to_render": [], 
      "globals": {
        "random": [
          "IMPORTED_FAUX_PRIMITIVE", 
          "imported module"
        ]
      }, 
      "heap": {}, 
      "line": 6, 
      "event": "step_line"
    }, 
    {
      "ordered_globals": [
        "random", 
        "compile"
      ], 
      "stdout": "", 
      "func_name": "<module>", 
      "stack_to_render": [], 
      "globals": {
        "compile": [
          "IMPORTED_FAUX_PRIMITIVE", 
          "imported function"
        ], 
        "random": [
          "IMPORTED_FAUX_PRIMITIVE", 
          "imported module"
        ]
      }, 
      "heap": {}, 
      "line": 7, 
      "event": "step_line"
    }, 
    {
      "ordered_globals": [
        "random", 
        "compile", 
        "x"
      ], 
      "stdout": "", 
      "func_name": "<module>", 
      "stack_to_render": [], 
      "globals": {
        "compile": [
          "IMPORTED_FAUX_PRIMITIVE", 
          "imported function"
        ], 
        "x": [
          "REF", 
          1
        ], 
        "random": [
          "IMPORTED_FAUX_PRIMITIVE", 
          "imported module"
        ]
      }, 
      "heap": {
        "1": [
          "_sre.SRE_Pattern", 
          "<_sre.SRE_Pattern object at 0xADDR>"
        ]
      }, 
      "line": 7, 
      "event": "return"
    }
  ]
}
