{
  "code": "# The ultimate Unicode test for Python 3\n\nx = '\u263a' # this is a unicode string U+263A representing a smiley\nprint(x)\n\nx_lst = [x]\nx_lst *= 3\n\nz = '\\x8e'\nprint(z)\n\nprint(x + ' ' + z)\n\nxz_lst = [x, z]\nxz_lst *= 3\ntypes_lst = [repr(type(e)) for e in xz_lst]\nprint(xz_lst)\n", 
  "trace": [
    {
      "ordered_globals": [], 
      "stdout": "", 
      "func_name": "<module>", 
      "stack_to_render": [], 
      "globals": {}, 
      "heap": {}, 
      "line": 3, 
      "event": "step_line"
    }, 
    {
      "ordered_globals": [
        "x"
      ], 
      "stdout": "", 
      "func_name": "<module>", 
      "stack_to_render": [], 
      "globals": {
        "x": "\u263a"
      }, 
      "heap": {}, 
      "line": 4, 
      "event": "step_line"
    }, 
    {
      "ordered_globals": [
        "x"
      ], 
      "stdout": "\u263a\n", 
      "func_name": "<module>", 
      "stack_to_render": [], 
      "globals": {
        "x": "\u263a"
      }, 
      "heap": {}, 
      "line": 6, 
      "event": "step_line"
    }, 
    {
      "ordered_globals": [
        "x", 
        "x_lst"
      ], 
      "stdout": "\u263a\n", 
      "func_name": "<module>", 
      "stack_to_render": [], 
      "globals": {
        "x_lst": [
          "REF", 
          1
        ], 
        "x": "\u263a"
      }, 
      "heap": {
        "1": [
          "LIST", 
          "\u263a"
        ]
      }, 
      "line": 7, 
      "event": "step_line"
    }, 
    {
      "ordered_globals": [
        "x", 
        "x_lst"
      ], 
      "stdout": "\u263a\n", 
      "func_name": "<module>", 
      "stack_to_render": [], 
      "globals": {
        "x_lst": [
          "REF", 
          1
        ], 
        "x": "\u263a"
      }, 
      "heap": {
        "1": [
          "LIST", 
          "\u263a", 
          "\u263a", 
          "\u263a"
        ]
      }, 
      "line": 9, 
      "event": "step_line"
    }, 
    {
      "ordered_globals": [
        "x", 
        "x_lst", 
        "z"
      ], 
      "stdout": "\u263a\n", 
      "func_name": "<module>", 
      "stack_to_render": [], 
      "globals": {
        "x_lst": [
          "REF", 
          1
        ], 
        "z": "\ufffd", 
        "x": "\u263a"
      }, 
      "heap": {
        "1": [
          "LIST", 
          "\u263a", 
          "\u263a", 
          "\u263a"
        ]
      }, 
      "line": 10, 
      "event": "step_line"
    }, 
    {
      "ordered_globals": [
        "x", 
        "x_lst", 
        "z"
      ], 
      "stdout": "\u263a\n\ufffd\n", 
      "func_name": "<module>", 
      "stack_to_render": [], 
      "globals": {
        "x_lst": [
          "REF", 
          1
        ], 
        "z": "\ufffd", 
        "x": "\u263a"
      }, 
      "heap": {
        "1": [
          "LIST", 
          "\u263a", 
          "\u263a", 
          "\u263a"
        ]
      }, 
      "line": 12, 
      "event": "step_line"
    }, 
    {
      "ordered_globals": [
        "x", 
        "x_lst", 
        "z"
      ], 
      "stdout": "\u263a\n\ufffd\n\u263a \ufffd\n", 
      "func_name": "<module>", 
      "stack_to_render": [], 
      "globals": {
        "x_lst": [
          "REF", 
          1
        ], 
        "z": "\ufffd", 
        "x": "\u263a"
      }, 
      "heap": {
        "1": [
          "LIST", 
          "\u263a", 
          "\u263a", 
          "\u263a"
        ]
      }, 
      "line": 14, 
      "event": "step_line"
    }, 
    {
      "ordered_globals": [
        "x", 
        "x_lst", 
        "z", 
        "xz_lst"
      ], 
      "stdout": "\u263a\n\ufffd\n\u263a \ufffd\n", 
      "func_name": "<module>", 
      "stack_to_render": [], 
      "globals": {
        "xz_lst": [
          "REF", 
          2
        ], 
        "x_lst": [
          "REF", 
          1
        ], 
        "z": "\ufffd", 
        "x": "\u263a"
      }, 
      "heap": {
        "1": [
          "LIST", 
          "\u263a", 
          "\u263a", 
          "\u263a"
        ], 
        "2": [
          "LIST", 
          "\u263a", 
          "\ufffd"
        ]
      }, 
      "line": 15, 
      "event": "step_line"
    }, 
    {
      "ordered_globals": [
        "x", 
        "x_lst", 
        "z", 
        "xz_lst"
      ], 
      "stdout": "\u263a\n\ufffd\n\u263a \ufffd\n", 
      "func_name": "<module>", 
      "stack_to_render": [], 
      "globals": {
        "xz_lst": [
          "REF", 
          2
        ], 
        "x_lst": [
          "REF", 
          1
        ], 
        "z": "\ufffd", 
        "x": "\u263a"
      }, 
      "heap": {
        "1": [
          "LIST", 
          "\u263a", 
          "\u263a", 
          "\u263a"
        ], 
        "2": [
          "LIST", 
          "\u263a", 
          "\ufffd", 
          "\u263a", 
          "\ufffd", 
          "\u263a", 
          "\ufffd"
        ]
      }, 
      "line": 16, 
      "event": "step_line"
    }, 
    {
      "ordered_globals": [
        "x", 
        "x_lst", 
        "z", 
        "xz_lst", 
        "e"
      ], 
      "stdout": "\u263a\n\ufffd\n\u263a \ufffd\n", 
      "func_name": "<module>", 
      "stack_to_render": [], 
      "globals": {
        "xz_lst": [
          "REF", 
          2
        ], 
        "x_lst": [
          "REF", 
          1
        ], 
        "z": "\ufffd", 
        "e": "\u263a", 
        "x": "\u263a"
      }, 
      "heap": {
        "1": [
          "LIST", 
          "\u263a", 
          "\u263a", 
          "\u263a"
        ], 
        "2": [
          "LIST", 
          "\u263a", 
          "\ufffd", 
          "\u263a", 
          "\ufffd", 
          "\u263a", 
          "\ufffd"
        ]
      }, 
      "line": 16, 
      "event": "step_line"
    }, 
    {
      "ordered_globals": [
        "x", 
        "x_lst", 
        "z", 
        "xz_lst", 
        "e"
      ], 
      "stdout": "\u263a\n\ufffd\n\u263a \ufffd\n", 
      "func_name": "<module>", 
      "stack_to_render": [], 
      "globals": {
        "xz_lst": [
          "REF", 
          2
        ], 
        "x_lst": [
          "REF", 
          1
        ], 
        "z": "\ufffd", 
        "e": "\ufffd", 
        "x": "\u263a"
      }, 
      "heap": {
        "1": [
          "LIST", 
          "\u263a", 
          "\u263a", 
          "\u263a"
        ], 
        "2": [
          "LIST", 
          "\u263a", 
          "\ufffd", 
          "\u263a", 
          "\ufffd", 
          "\u263a", 
          "\ufffd"
        ]
      }, 
      "line": 16, 
      "event": "step_line"
    }, 
    {
      "ordered_globals": [
        "x", 
        "x_lst", 
        "z", 
        "xz_lst", 
        "e"
      ], 
      "stdout": "\u263a\n\ufffd\n\u263a \ufffd\n", 
      "func_name": "<module>", 
      "stack_to_render": [], 
      "globals": {
        "xz_lst": [
          "REF", 
          2
        ], 
        "x_lst": [
          "REF", 
          1
        ], 
        "z": "\ufffd", 
        "e": "\u263a", 
        "x": "\u263a"
      }, 
      "heap": {
        "1": [
          "LIST", 
          "\u263a", 
          "\u263a", 
          "\u263a"
        ], 
        "2": [
          "LIST", 
          "\u263a", 
          "\ufffd", 
          "\u263a", 
          "\ufffd", 
          "\u263a", 
          "\ufffd"
        ]
      }, 
      "line": 16, 
      "event": "step_line"
    }, 
    {
      "ordered_globals": [
        "x", 
        "x_lst", 
        "z", 
        "xz_lst", 
        "e"
      ], 
      "stdout": "\u263a\n\ufffd\n\u263a \ufffd\n", 
      "func_name": "<module>", 
      "stack_to_render": [], 
      "globals": {
        "xz_lst": [
          "REF", 
          2
        ], 
        "x_lst": [
          "REF", 
          1
        ], 
        "z": "\ufffd", 
        "e": "\ufffd", 
        "x": "\u263a"
      }, 
      "heap": {
        "1": [
          "LIST", 
          "\u263a", 
          "\u263a", 
          "\u263a"
        ], 
        "2": [
          "LIST", 
          "\u263a", 
          "\ufffd", 
          "\u263a", 
          "\ufffd", 
          "\u263a", 
          "\ufffd"
        ]
      }, 
      "line": 16, 
      "event": "step_line"
    }, 
    {
      "ordered_globals": [
        "x", 
        "x_lst", 
        "z", 
        "xz_lst", 
        "e"
      ], 
      "stdout": "\u263a\n\ufffd\n\u263a \ufffd\n", 
      "func_name": "<module>", 
      "stack_to_render": [], 
      "globals": {
        "xz_lst": [
          "REF", 
          2
        ], 
        "x_lst": [
          "REF", 
          1
        ], 
        "z": "\ufffd", 
        "e": "\u263a", 
        "x": "\u263a"
      }, 
      "heap": {
        "1": [
          "LIST", 
          "\u263a", 
          "\u263a", 
          "\u263a"
        ], 
        "2": [
          "LIST", 
          "\u263a", 
          "\ufffd", 
          "\u263a", 
          "\ufffd", 
          "\u263a", 
          "\ufffd"
        ]
      }, 
      "line": 16, 
      "event": "step_line"
    }, 
    {
      "ordered_globals": [
        "x", 
        "x_lst", 
        "z", 
        "xz_lst", 
        "e"
      ], 
      "stdout": "\u263a\n\ufffd\n\u263a \ufffd\n", 
      "func_name": "<module>", 
      "stack_to_render": [], 
      "globals": {
        "xz_lst": [
          "REF", 
          2
        ], 
        "x_lst": [
          "REF", 
          1
        ], 
        "z": "\ufffd", 
        "e": "\ufffd", 
        "x": "\u263a"
      }, 
      "heap": {
        "1": [
          "LIST", 
          "\u263a", 
          "\u263a", 
          "\u263a"
        ], 
        "2": [
          "LIST", 
          "\u263a", 
          "\ufffd", 
          "\u263a", 
          "\ufffd", 
          "\u263a", 
          "\ufffd"
        ]
      }, 
      "line": 16, 
      "event": "step_line"
    }, 
    {
      "ordered_globals": [
        "x", 
        "x_lst", 
        "z", 
        "xz_lst", 
        "e", 
        "types_lst"
      ], 
      "stdout": "\u263a\n\ufffd\n\u263a \ufffd\n", 
      "func_name": "<module>", 
      "stack_to_render": [], 
      "globals": {
        "e": "\ufffd", 
        "x_lst": [
          "REF", 
          1
        ], 
        "xz_lst": [
          "REF", 
          2
        ], 
        "x": "\u263a", 
        "z": "\ufffd", 
        "types_lst": [
          "REF", 
          3
        ]
      }, 
      "heap": {
        "1": [
          "LIST", 
          "\u263a", 
          "\u263a", 
          "\u263a"
        ], 
        "2": [
          "LIST", 
          "\u263a", 
          "\ufffd", 
          "\u263a", 
          "\ufffd", 
          "\u263a", 
          "\ufffd"
        ], 
        "3": [
          "LIST", 
          "<type 'str'>", 
          "<type 'str'>", 
          "<type 'str'>", 
          "<type 'str'>", 
          "<type 'str'>", 
          "<type 'str'>"
        ]
      }, 
      "line": 17, 
      "event": "step_line"
    }, 
    {
      "ordered_globals": [
        "x", 
        "x_lst", 
        "z", 
        "xz_lst", 
        "e", 
        "types_lst"
      ], 
      "stdout": "\u263a\n\ufffd\n\u263a \ufffd\n['\\xe2\\x98\\xba', '\\x8e', '\\xe2\\x98\\xba', '\\x8e', '\\xe2\\x98\\xba', '\\x8e']\n", 
      "func_name": "<module>", 
      "stack_to_render": [], 
      "globals": {
        "e": "\ufffd", 
        "x_lst": [
          "REF", 
          1
        ], 
        "xz_lst": [
          "REF", 
          2
        ], 
        "x": "\u263a", 
        "z": "\ufffd", 
        "types_lst": [
          "REF", 
          3
        ]
      }, 
      "heap": {
        "1": [
          "LIST", 
          "\u263a", 
          "\u263a", 
          "\u263a"
        ], 
        "2": [
          "LIST", 
          "\u263a", 
          "\ufffd", 
          "\u263a", 
          "\ufffd", 
          "\u263a", 
          "\ufffd"
        ], 
        "3": [
          "LIST", 
          "<type 'str'>", 
          "<type 'str'>", 
          "<type 'str'>", 
          "<type 'str'>", 
          "<type 'str'>", 
          "<type 'str'>"
        ]
      }, 
      "line": 17, 
      "event": "return"
    }
  ]
}
